// Jest Snapshot v1, https://goo.gl/fbAQLP

exports[`List renders 1`] = `
<DocumentFragment>
  <div
    class="field-list"
  >
    <ul
      class="entries-list"
    >
      <li
        data-index="0"
        id="undefined_entry_fieldName_0"
        tabindex="0"
      >
        label1
      </li>
      <li
        data-index="1"
        id="undefined_entry_fieldName_1"
        tabindex="0"
      >
        label2
      </li>
      <li
        data-index="2"
        id="undefined_entry_fieldName_2"
        tabindex="0"
      >
        label3
      </li>
      <li
        data-index="3"
        id="undefined_entry_fieldName_3"
        tabindex="0"
      >
        label4
      </li>
      <li
        data-index="4"
        id="undefined_entry_fieldName_4"
        tabindex="0"
      >
        label5
      </li>
    </ul>
  </div>
</DocumentFragment>
`;
